error: unnecessary structure name repetition
  --> $DIR/use_self.rs:17:21
   |
17 |         fn new() -> Foo {
   |                     ^^^ help: use the applicable keyword: `Self`
   |
   = note: `-D use-self` implied by `-D warnings`

error: unnecessary structure name repetition
  --> $DIR/use_self.rs:18:13
   |
18 |             Foo {}
   |             ^^^ help: use the applicable keyword: `Self`

error: unnecessary structure name repetition
  --> $DIR/use_self.rs:20:22
   |
20 |         fn test() -> Foo {
   |                      ^^^ help: use the applicable keyword: `Self`

error: unnecessary structure name repetition
  --> $DIR/use_self.rs:21:13
   |
21 |             Foo::new()
   |             ^^^^^^^^ help: use the applicable keyword: `Self`

error: unnecessary structure name repetition
  --> $DIR/use_self.rs:26:25
   |
26 |         fn default() -> Foo {
   |                         ^^^ help: use the applicable keyword: `Self`

error: unnecessary structure name repetition
  --> $DIR/use_self.rs:27:13
   |
27 |             Foo::new()
   |             ^^^^^^^^ help: use the applicable keyword: `Self`

error: unnecessary structure name repetition
  --> $DIR/use_self.rs:35:25
   |
35 |             fn new() -> FooWrong {
   |                         ^^^^^^^^ help: use the applicable keyword: `Self`
...
58 |         expand_wrong_functions!();
   |         -------------------------- in this macro invocation

error: unnecessary structure name repetition
  --> $DIR/use_self.rs:36:17
   |
36 |                 FooWrong {}
   |                 ^^^^^^^^ help: use the applicable keyword: `Self`
...
58 |         expand_wrong_functions!();
   |         -------------------------- in this macro invocation

error: unnecessary structure name repetition
  --> $DIR/use_self.rs:38:26
   |
38 |             fn test() -> FooWrong {
   |                          ^^^^^^^^ help: use the applicable keyword: `Self`
...
58 |         expand_wrong_functions!();
   |         -------------------------- in this macro invocation

error: unnecessary structure name repetition
  --> $DIR/use_self.rs:39:17
   |
39 |                 FooWrong::new()
   |                 ^^^^^^^^^^^^^ help: use the applicable keyword: `Self`
...
58 |         expand_wrong_functions!();
   |         -------------------------- in this macro invocation

error: unnecessary structure name repetition
  --> $DIR/use_self.rs:72:9
   |
72 |         use_self_expand_wrong_functions!();
   |         ^^^^^^^^^^^^^^^^^^^^^^^^^^^^^^^^^^^ help: use the applicable keyword: `Self`
   |
   = note: this error originates in a macro outside of the current crate

error: unnecessary structure name repetition
  --> $DIR/use_self.rs:72:9
   |
72 |         use_self_expand_wrong_functions!();
   |         ^^^^^^^^^^^^^^^^^^^^^^^^^^^^^^^^^^^ help: use the applicable keyword: `Self`
   |
   = note: this error originates in a macro outside of the current crate

error: unnecessary structure name repetition
  --> $DIR/use_self.rs:72:9
   |
72 |         use_self_expand_wrong_functions!();
   |         ^^^^^^^^^^^^^^^^^^^^^^^^^^^^^^^^^^^ help: use the applicable keyword: `Self`
   |
   = note: this error originates in a macro outside of the current crate

error: unnecessary structure name repetition
  --> $DIR/use_self.rs:72:9
   |
72 |         use_self_expand_wrong_functions!();
   |         ^^^^^^^^^^^^^^^^^^^^^^^^^^^^^^^^^^^ help: use the applicable keyword: `Self`
   |
   = note: this error originates in a macro outside of the current crate

